{
  "filters_used": [
    {
      "path": "detect_secrets.filters.allowlist.is_line_allowlisted"
    },
    {
      "min_level": 2,
      "path": "detect_secrets.filters.common.is_ignored_due_to_verification_policies"
    },
    {
      "path": "detect_secrets.filters.heuristic.is_indirect_reference"
    },
    {
      "path": "detect_secrets.filters.heuristic.is_likely_id_string"
    },
    {
      "path": "detect_secrets.filters.heuristic.is_lock_file"
    },
    {
      "path": "detect_secrets.filters.heuristic.is_not_alphanumeric_string"
    },
    {
      "path": "detect_secrets.filters.heuristic.is_potential_uuid"
    },
    {
      "path": "detect_secrets.filters.heuristic.is_prefixed_with_dollar_sign"
    },
    {
      "path": "detect_secrets.filters.heuristic.is_sequential_string"
    },
    {
      "path": "detect_secrets.filters.heuristic.is_swagger_file"
    },
    {
      "path": "detect_secrets.filters.heuristic.is_templated_secret"
    }
  ],
  "generated_at": "2026-09-30T16:19:44Z",
  "plugins_used": [
    {
      "name": "ArtifactoryDetector"
    },
    {
      "name": "AWSKeyDetector"
    },
    {
      "name": "AzureStorageKeyDetector"
    },
    {
      "limit": 4.5,
      "name": "Base64HighEntropyString"
    },
    {
      "name": "BasicAuthDetector"
    },
    {
      "name": "CloudantDetector"
    },
    {
      "name": "DiscordBotTokenDetector"
    },
    {
      "name": "GitHubTokenDetector"
    },
    {
      "name": "GitLabTokenDetector"
    },
    {
      "limit": 3.0,
      "name": "HexHighEntropyString"
    },
    {
      "name": "IbmCloudIamDetector"
    },
    {
      "name": "IbmCosHmacDetector"
    },
    {
      "name": "IPPublicDetector"
    },
    {
      "name": "JwtTokenDetector"
    },
    {
      "keyword_exclude": "",
      "name": "KeywordDetector"
    },
    {
      "name": "MailchimpDetector"
    },
    {
      "name": "NpmDetector"
    },
    {
      "name": "OpenAIDetector"
    },
    {
      "name": "PrivateKeyDetector"
    },
    {
      "name": "PypiTokenDetector"
    },
    {
      "name": "SendGridDetector"
    },
    {
      "name": "SlackDetector"
    },
    {
      "name": "SoftlayerDetector"
    },
    {
      "name": "SquareOAuthDetector"
    },
    {
      "name": "StripeDetector"
    },
    {
      "name": "TelegramBotTokenDetector"
    },
    {
      "name": "TwilioKeyDetector"
    }
  ],
  "results": {
    ".env.example": [
      {
        "filename": ".env.example",
        "hashed_secret": "7205a0abf00d1daec13c63ece029057c974795a9",
        "is_verified": false,
        "line_number": 5,
        "type": "Basic Auth Credentials"
      }
    ],
    ".github/workflows/ci.yml": [
      {
        "filename": ".github/workflows/ci.yml",
        "hashed_secret": "b7ec598e8f65fb9d6ed46f2af8c766c894d51389",
        "is_verified": false,
        "line_number": 58,
        "type": "Secret Keyword"
      },
      {
        "filename": ".github/workflows/ci.yml",
        "hashed_secret": "8cdf4b5bd5d45581c696166c37e95f0a35659d35",
        "is_verified": false,
        "line_number": 74,
        "type": "Secret Keyword"
      },
      {
        "filename": ".github/workflows/ci.yml",
        "hashed_secret": "b7ec598e8f65fb9d6ed46f2af8c766c894d51389",
        "is_verified": false,
        "line_number": 83,
        "type": "Basic Auth Credentials"
      },
      {
        "filename": ".github/workflows/ci.yml",
        "hashed_secret": "716bcc183269c66f964c60d03b3ccdb23d6d8560",
        "is_verified": false,
        "line_number": 211,
        "type": "Secret Keyword"
      }
    ],
    ".gitleaks.toml": [
      {
        "filename": ".gitleaks.toml",
        "hashed_secret": "8216d74579cf328994dbb8c463355623bc4fa659",
        "is_verified": false,
        "line_number": 17,
        "type": "Base64 High Entropy String"
      }
    ],
    "ARCHITECTURE.md": [
      {
        "filename": "ARCHITECTURE.md",
        "hashed_secret": "b5a38cc8fa4cd2b32e81af1d535278c5983388a0",
        "is_verified": false,
        "line_number": 479,
        "type": "Secret Keyword"
      }
    ],
    "DISASTER_RECOVERY.md": [
      {
        "filename": "DISASTER_RECOVERY.md",
        "hashed_secret": "8760b1bde96e6c33395ff1f2b80f2c6d7b74e034",
        "is_verified": false,
        "line_number": 141,
        "type": "Secret Keyword"
      }
    ],
    "FEATURES.md": [
      {
        "filename": "FEATURES.md",
        "hashed_secret": "531b723085ff16aa2780e4162dfd9cc8e1fa93cf",
        "is_verified": false,
        "line_number": 235,
        "type": "Hex High Entropy String"
      }
    ],
    "HARDENING.md": [
      {
        "filename": "HARDENING.md",
        "hashed_secret": "e96610eca20d52e36e8dbf70be16f403d63d5fcc",
        "is_verified": false,
        "line_number": 201,
        "type": "Secret Keyword"
      },
      {
        "filename": "HARDENING.md",
        "hashed_secret": "304e6c885ccd5f03349f85536803b89288137f75",
        "is_verified": false,
        "line_number": 329,
        "type": "Secret Keyword"
      }
    ],
    "PRIVACY.md": [
      {
        "filename": "PRIVACY.md",
        "hashed_secret": "dc30e0faa89a70dec1033016a2309bbeb9efcbd0",
        "is_verified": false,
        "line_number": 61,
        "type": "Secret Keyword"
      }
    ],
    "deploy/staging/generate-secrets.sh": [
      {
        "filename": "deploy/staging/generate-secrets.sh",
        "hashed_secret": "347cd9c53ff77d41a7b22aa56c7b4efaf54658e3",
        "is_verified": false,
        "line_number": 39,
        "type": "Basic Auth Credentials"
      }
    ],
    "fraud_ai/core/enums.py": [
      {
        "filename": "fraud_ai/core/enums.py",
        "hashed_secret": "08ae4c719b89460ac01158ec4157b588ff8ac111",
        "is_verified": false,
        "line_number": 15,
        "type": "Secret Keyword"
      },
      {
        "filename": "fraud_ai/core/enums.py",
        "hashed_secret": "5baa61e4c9b93f3f0682250b6cf8331b7ee68fd8",
        "is_verified": false,
        "line_number": 64,
        "type": "Secret Keyword"
      }
    ],
    "fraud_ai/llm/reference.py": [
      {
        "filename": "fraud_ai/llm/reference.py",
        "hashed_secret": "4cdbff2a672c9d8131791bcea5758be03130f1d7",
        "is_verified": false,
        "line_number": 29,
        "type": "Secret Keyword"
      },
      {
        "filename": "fraud_ai/llm/reference.py",
        "hashed_secret": "7d0b43ca60e35b2c8b51bd602c365415d44f598f",
        "is_verified": false,
        "line_number": 51,
        "type": "Secret Keyword"
      }
    ],
    "release/v0.12.0-rc1.json": [
      {
        "filename": "release/v0.12.0-rc1.json",
        "hashed_secret": "295bd0840e699dfa2ca5f1b6a179780087cbcbb5",
        "is_verified": false,
        "line_number": 8,
        "type": "Hex High Entropy String"
      },
      {
        "filename": "release/v0.12.0-rc1.json",
        "hashed_secret": "4cadc5dff5a906ade03b5e89030d762b4df7234e",
        "is_verified": false,
        "line_number": 18,
        "type": "Hex High Entropy String"
      },
      {
        "filename": "release/v0.12.0-rc1.json",
        "hashed_secret": "277afba23e495a33b554408c477403fbf5336f5c",
        "is_verified": false,
        "line_number": 24,
        "type": "Hex High Entropy String"
      },
      {
        "filename": "release/v0.12.0-rc1.json",
        "hashed_secret": "02a73566101a383f1d3919ca5e9a598e4bbc6d87",
        "is_verified": false,
        "line_number": 26,
        "type": "Hex High Entropy String"
      },
      {
        "filename": "release/v0.12.0-rc1.json",
        "hashed_secret": "308a97c669d753e525a7c4930f83f1cec8417c3b",
        "is_verified": false,
        "line_number": 35,
        "type": "Hex High Entropy String"
      },
      {
        "filename": "release/v0.12.0-rc1.json",
        "hashed_secret": "65b31632d405d5c2f4ed0a56eaadaaae5bcebbe9",
        "is_verified": false,
        "line_number": 42,
        "type": "Base64 High Entropy String"
      },
      {
        "filename": "release/v0.12.0-rc1.json",
        "hashed_secret": "980227d060744ff0dfa300068d9df2a7db19023b",
        "is_verified": false,
        "line_number": 46,
        "type": "Hex High Entropy String"
      },
      {
        "filename": "release/v0.12.0-rc1.json",
        "hashed_secret": "7744c7991e26f9ad91584c62999e7a88bb3943f1",
        "is_verified": false,
        "line_number": 53,
        "type": "Base64 High Entropy String"
      },
      {
        "filename": "release/v0.12.0-rc1.json",
        "hashed_secret": "b97427193338480d2470d7e15192908ad4806ea8",
        "is_verified": false,
        "line_number": 59,
        "type": "Hex High Entropy String"
      },
      {
        "filename": "release/v0.12.0-rc1.json",
        "hashed_secret": "1b05d6bbe79c52846e13bd239c2ab3f2863c6d68",
        "is_verified": false,
        "line_number": 69,
        "type": "Hex High Entropy String"
      },
      {
        "filename": "release/v0.12.0-rc1.json",
        "hashed_secret": "2e82ab0a90833c58c5415f9c83dae5342c91bb13",
        "is_verified": false,
        "line_number": 77,
        "type": "Base64 High Entropy String"
      }
    ],
    "scripts/trust_benchmark.py": [
      {
        "filename": "scripts/trust_benchmark.py",
        "hashed_secret": "0fd6ad9596d8947add11b368ef99e941cefe9acb",
        "is_verified": false,
        "line_number": 52,
        "type": "Base64 High Entropy String"
      },
      {
        "filename": "scripts/trust_benchmark.py",
        "hashed_secret": "0fd6ad9596d8947add11b368ef99e941cefe9acb",
        "is_verified": false,
        "line_number": 52,
        "type": "Secret Keyword"
      }
    ],
    "tests/conftest.py": [
      {
        "filename": "tests/conftest.py",
        "hashed_secret": "8216d74579cf328994dbb8c463355623bc4fa659",
        "is_verified": false,
        "line_number": 23,
        "type": "Base64 High Entropy String"
      }
    ],
    "tests/service_helpers.py": [
      {
        "filename": "tests/service_helpers.py",
        "hashed_secret": "83ad5092fc25e4a2e7e35b2c4186b0a90deaf5db",
        "is_verified": false,
        "line_number": 34,
        "type": "Secret Keyword"
      }
    ],
    "tests/test_config.py": [
      {
        "filename": "tests/test_config.py",
        "hashed_secret": "fef341f85d87439e7d91a2d465b9871ef66b5e98",
        "is_verified": false,
        "line_number": 8,
        "type": "Basic Auth Credentials"
      }
    ],
    "tests/test_events.py": [
      {
        "filename": "tests/test_events.py",
        "hashed_secret": "f3bbbd66a63d4bf1747940578ec3d0103530e21d",
        "is_verified": false,
        "line_number": 157,
        "type": "Secret Keyword"
      }
    ],
    "tests/test_feature_definitions.py": [
      {
        "filename": "tests/test_feature_definitions.py",
        "hashed_secret": "e6440bf87d1d894f1bf07d471172805345163e90",
        "is_verified": false,
        "line_number": 23,
        "type": "Hex High Entropy String"
      }
    ],
    "tests/test_hardening.py": [
      {
        "filename": "tests/test_hardening.py",
        "hashed_secret": "f00abbd36136d003e118c107c40244154faaa8e5",
        "is_verified": false,
        "line_number": 353,
        "type": "Base64 High Entropy String"
      },
      {
        "filename": "tests/test_hardening.py",
        "hashed_secret": "9051bcc2b3c088e7863c088fc6affad8e72824da",
        "is_verified": false,
        "line_number": 360,
        "type": "Base64 High Entropy String"
      },
      {
        "filename": "tests/test_hardening.py",
        "hashed_secret": "fc8c5eb194806e31a213f073131e73b0012a0fb5",
        "is_verified": false,
        "line_number": 405,
        "type": "Basic Auth Credentials"
      }
    ],
    "tests/test_hardening_world.py": [
      {
        "filename": "tests/test_hardening_world.py",
        "hashed_secret": "b7ec598e8f65fb9d6ed46f2af8c766c894d51389",
        "is_verified": false,
        "line_number": 190,
        "type": "Basic Auth Credentials"
      }
    ],
    "tests/test_llm_evidence.py": [
      {
        "filename": "tests/test_llm_evidence.py",
        "hashed_secret": "445d31cf7a3a0422658bc2c016614af94672b75b",
        "is_verified": false,
        "line_number": 199,
        "type": "Hex High Entropy String"
      }
    ],
    "tests/test_realtime_units.py": [
      {
        "filename": "tests/test_realtime_units.py",
        "hashed_secret": "28f850ae66d710d8a0ffe547fd3aff47035e758f",
        "is_verified": false,
        "line_number": 88,
        "type": "Secret Keyword"
      }
    ],
    "tests/test_security_regressions.py": [
      {
        "filename": "tests/test_security_regressions.py",
        "hashed_secret": "ab82493f166dcb2f7657e2caa8622de37bb98587",
        "is_verified": false,
        "line_number": 50,
        "type": "Secret Keyword"
      }
    ],
    "tests/test_service_security.py": [
      {
        "filename": "tests/test_service_security.py",
        "hashed_secret": "a0f4ea7d91495df92bbac2e2149dfb850fe81396",
        "is_verified": false,
        "line_number": 660,
        "type": "Secret Keyword"
      },
      {
        "filename": "tests/test_service_security.py",
        "hashed_secret": "b7ec598e8f65fb9d6ed46f2af8c766c894d51389",
        "is_verified": false,
        "line_number": 723,
        "type": "Basic Auth Credentials"
      }
    ],
    "tests/test_signature_v2.py": [
      {
        "filename": "tests/test_signature_v2.py",
        "hashed_secret": "25f514ebf9ecdc770c551722f1192c3d0346a147",
        "is_verified": false,
        "line_number": 28,
        "type": "Base64 High Entropy String"
      },
      {
        "filename": "tests/test_signature_v2.py",
        "hashed_secret": "106a1174105efc03cf206804092e89515128752a",
        "is_verified": false,
        "line_number": 29,
        "type": "Secret Keyword"
      },
      {
        "filename": "tests/test_signature_v2.py",
        "hashed_secret": "3e9d1737117ff62b23e37aedc72b522b0134997a",
        "is_verified": false,
        "line_number": 99,
        "type": "Hex High Entropy String"
      },
      {
        "filename": "tests/test_signature_v2.py",
        "hashed_secret": "176d756bc81fbcbfb4c64a23c914822518ab0cfd",
        "is_verified": false,
        "line_number": 274,
        "type": "Base64 High Entropy String"
      }
    ],
    "tests/test_state.py": [
      {
        "filename": "tests/test_state.py",
        "hashed_secret": "25f514ebf9ecdc770c551722f1192c3d0346a147",
        "is_verified": false,
        "line_number": 26,
        "type": "Base64 High Entropy String"
      }
    ],
    "tests/test_stripe_provider.py": [
      {
        "filename": "tests/test_stripe_provider.py",
        "hashed_secret": "271ea9beeb96c66a88f2add42c76677e2e180b79",
        "is_verified": false,
        "line_number": 30,
        "type": "Base64 High Entropy String"
      },
      {
        "filename": "tests/test_stripe_provider.py",
        "hashed_secret": "f08082bf371275c54053c4bc73729106f60579f8",
        "is_verified": false,
        "line_number": 30,
        "type": "Secret Keyword"
      },
      {
        "filename": "tests/test_stripe_provider.py",
        "hashed_secret": "d5976535376af101dd5fa73ffb688046f5894451",
        "is_verified": false,
        "line_number": 213,
        "type": "Secret Keyword"
      }
    ]
  },
  "version": "1.5.0"
}
